// Jest Snapshot v1, https://goo.gl/fbAQLP

exports[`Select reusable component matches snapshot 1`] = `null`;
