// Jest Snapshot v1, https://goo.gl/fbAQLP

exports[`Date picker component on products editor matches snapshot 1`] = `null`;
